[ 0.000000] Booting Linux on physical CPU 0x0
[ 0.000000] Linux version 4.9.59+ (dc4@dc4-XPS13-9333) (gcc version 4.9.3 (crosstool-NG crosstool-ng-1.22.0-88-g8460611) ) #1047 Sun Oct 29 11:47:10 GMT 2017
[ 0.000000] CPU: ARMv6-compatible processor [410fb767] revision 7 (ARMv7), cr=00c5387d
[ 0.000000] CPU: PIPT / VIPT nonaliasing data cache, VIPT nonaliasing instruction cache
[ 0.000000] OF: fdt:Machine model: Raspberry Pi Zero Rev 1.3
[ 0.000000] cma: Reserved 8 MiB at 0x17400000
[ 0.000000] Memory policy: Data cache writeback
[ 0.000000] On node 0 totalpages: 98304
[ 0.000000] free_area_init_node: node 0, pgdat c0914e10, node_mem_map d7c8bd00
[ 0.000000] Normal zone: 864 pages used for memmap
[ 0.000000] Normal zone: 0 pages reserved
[ 0.000000] Normal zone: 98304 pages, LIFO batch:31
[ 0.000000] pcpu-alloc: s0 r0 d32768 u32768 alloc=1*32768
[ 0.000000] pcpu-alloc: [0] 0
[ 0.000000] Built 1 zonelists in Zone order, mobility grouping on. Total pages: 97440
[ 0.000000] Kernel command line: bcm2708_fb.fbwidth=1920 bcm2708_fb.fbheight=1080 bcm2708_fb.fbswap=1 vc_mem.mem_base=0x1ec00000 vc_mem.mem_size=0x20000000 dwc_otg.lpm_enable=0 console=ttyAMA0,115200 console=tty1 root=PARTUUID=b5f06117-02 rootfstype=ext4 elevator=deadline fsck.repair=yes rootwait quiet splash plymouth.ignore-serial-consoles
[ 0.000000] PID hash table entries: 2048 (order: 1, 8192 bytes)
[ 0.000000] Dentry cache hash table entries: 65536 (order: 6, 262144 bytes)
[ 0.000000] Inode-cache hash table entries: 32768 (order: 5, 131072 bytes)
[ 0.000000] Memory: 370984K/393216K available (5950K kernel code, 491K rwdata, 1948K rodata, 396K init, 725K bss, 14040K reserved, 8192K cma-reserved)
[ 0.000000] Virtual kernel memory layout:
vector : 0xffff0000 - 0xffff1000 ( 4 kB)
fixmap : 0xffc00000 - 0xfff00000 (3072 kB)
vmalloc : 0xd8800000 - 0xff800000 ( 624 MB)
lowmem : 0xc0000000 - 0xd8000000 ( 384 MB)
modules : 0xbf000000 - 0xc0000000 ( 16 MB)
.text : 0xc0008000 - 0xc05d7a48 (5951 kB)
.init : 0xc0841000 - 0xc08a4000 ( 396 kB)
.data : 0xc08a4000 - 0xc091ef48 ( 492 kB)
.bss : 0xc091ef48 - 0xc09d4648 ( 726 kB)
[ 0.000000] SLUB: HWalign=32, Order=0-3, MinObjects=0, CPUs=1, Nodes=1
[ 0.000000] NR_IRQS:16 nr_irqs:16 16
[ 0.000032] sched_clock: 32 bits at 1000kHz, resolution 1000ns, wraps every 2147483647500ns
[ 0.000064] clocksource: timer: mask: 0xffffffff max_cycles: 0xffffffff, max_idle_ns: 1911260446275 ns
[ 0.000155] bcm2835: system timer (irq = 27)
[ 0.000616] Console: colour dummy device 80x30
[ 0.000641] console [tty1] enabled
[ 0.000666] Calibrating delay loop... 697.95 BogoMIPS (lpj=3489792)
[ 0.060317] pid_max: default: 32768 minimum: 301
[ 0.060747] Mount-cache hash table entries: 1024 (order: 0, 4096 bytes)
[ 0.060764] Mountpoint-cache hash table entries: 1024 (order: 0, 4096 bytes)
[ 0.062010] Disabling memory control group subsystem
[ 0.062147] CPU: Testing write buffer coherency: ok
[ 0.062202] ftrace: allocating 21715 entries in 64 pages
[ 0.180534] Setting up static identity map for 0x8200 - 0x8238
[ 0.182511] devtmpfs: initialized
[ 0.192284] VFP support v0.3: implementor 41 architecture 1 part 20 variant b rev 5
[ 0.192710] clocksource: jiffies: mask: 0xffffffff max_cycles: 0xffffffff, max_idle_ns: 19112604462750000 ns
[ 0.192737] futex hash table entries: 256 (order: -1, 3072 bytes)
[ 0.194023] pinctrl core: initialized pinctrl subsystem
[ 0.195460] NET: Registered protocol family 16
[ 0.197974] DMA: preallocated 1024 KiB pool for atomic coherent allocations
[ 0.207629] hw-breakpoint: found 6 breakpoint and 1 watchpoint registers.
[ 0.207645] hw-breakpoint: maximum watchpoint size is 4 bytes.
[ 0.207748] Serial: AMBA PL011 UART driver
[ 0.210658] bcm2835-mbox 2000b880.mailbox: mailbox enabled
[ 0.261528] bcm2835-dma 20007000.dma: DMA legacy API manager at d880d000, dmachans=0x1
[ 0.264186] SCSI subsystem initialized
[ 0.264446] usbcore: registered new interface driver usbfs
[ 0.264567] usbcore: registered new interface driver hub
[ 0.264781] usbcore: registered new device driver usb
[ 0.270606] raspberrypi-firmware soc:firmware: Attached to firmware from 2017-10-24 17:13
[ 0.272582] clocksource: Switched to clocksource timer
[ 0.326729] VFS: Disk quotas dquot_6.6.0
[ 0.326851] VFS: Dquot-cache hash table entries: 1024 (order 0, 4096 bytes)
[ 0.327174] FS-Cache: Loaded
[ 0.327524] CacheFiles: Loaded
[ 0.346930] NET: Registered protocol family 2
[ 0.348281] TCP established hash table entries: 4096 (order: 2, 16384 bytes)
[ 0.348371] TCP bind hash table entries: 4096 (order: 2, 16384 bytes)
[ 0.348466] TCP: Hash tables configured (established 4096 bind 4096)
[ 0.348566] UDP hash table entries: 256 (order: 0, 4096 bytes)
[ 0.348593] UDP-Lite hash table entries: 256 (order: 0, 4096 bytes)
[ 0.348903] NET: Registered protocol family 1
[ 0.349654] RPC: Registered named UNIX socket transport module.
[ 0.349666] RPC: Registered udp transport module.
[ 0.349670] RPC: Registered tcp transport module.
[ 0.349675] RPC: Registered tcp NFSv4.1 backchannel transport module.
[ 0.350901] hw perfevents: enabled with armv6_1176 PMU driver, 3 counters available
[ 0.353462] workingset: timestamp_bits=14 max_order=17 bucket_order=3
[ 0.374129] FS-Cache: Netfs 'nfs' registered for caching
[ 0.375881] NFS: Registering the id_resolver key type
[ 0.375927] Key type id_resolver registered
[ 0.375933] Key type id_legacy registered
[ 0.380420] Block layer SCSI generic (bsg) driver version 0.4 loaded (major 251)
[ 0.380785] io scheduler noop registered
[ 0.380798] io scheduler deadline registered (default)
[ 0.381247] io scheduler cfq registered
[ 0.387243] BCM2708FB: allocated DMA memory 57500000
[ 0.387304] BCM2708FB: allocated DMA channel 0 @ d880d000
[ 0.440845] Console: switching to colour frame buffer device 240x67
[ 0.483880] bcm2835-rng 20104000.rng: hwrng registered
[ 0.484076] vc-mem: phys_addr:0x00000000 mem_base=0x1ec00000 mem_size:0x20000000(512 MiB)
[ 0.485178] vc-sm: Videocore shared memory driver
[ 0.513396] brd: module loaded
[ 0.527546] loop: module loaded
[ 0.527572] Loading iSCSI transport class v2.0-870.
[ 0.528593] usbcore: registered new interface driver smsc95xx
[ 0.528626] dwc_otg: version 3.00a 10-AUG-2012 (platform bus)
[ 0.757200] Core Release: 2.80a
[ 0.757221] Setting default values for core params
[ 0.757266] Finished setting default values for core params
[ 0.957884] Using Buffer DMA mode
[ 0.957899] Periodic Transfer Interrupt Enhancement - disabled
[ 0.957904] Multiprocessor Interrupt Enhancement - disabled
[ 0.957917] OTG VER PARAM: 0, OTG VER FLAG: 0
[ 0.958021] Dedicated Tx FIFOs mode
[ 0.958705] WARN::dwc_otg_hcd_init:1032: FIQ DMA bounce buffers: virt = 0xd7514000 dma = 0x57514000 len=9024
[ 0.958742] FIQ FSM acceleration enabled for :
Non-periodic Split Transactions
Periodic Split Transactions
High-Speed Isochronous Endpoints
Interrupt/Control Split Transaction hack enabled
[ 0.958755] dwc_otg: Microframe scheduler enabled
[ 0.958853] WARN::hcd_init_fiq:459: FIQ on core 0 at 0xc0451694
[ 0.958868] WARN::hcd_init_fiq:460: FIQ ASM at 0xc0451970 length 36
[ 0.958898] WARN::hcd_init_fiq:486: MPHI regs_base at 0xd88a5000
[ 0.958984] dwc_otg 20980000.usb: DWC OTG Controller
[ 0.959057] dwc_otg 20980000.usb: new USB bus registered, assigned bus number 1
[ 0.959201] dwc_otg 20980000.usb: irq 56, io mem 0x00000000
[ 0.959262] Init: Port Power? op_state=1
[ 0.959268] Init: Power Port (0)
[ 0.959698] usb usb1: New USB device found, idVendor=1d6b, idProduct=0002
[ 0.959719] usb usb1: New USB device strings: Mfr=3, Product=2, SerialNumber=1
[ 0.959731] usb usb1: Product: DWC OTG Controller
[ 0.959740] usb usb1: Manufacturer: Linux 4.9.59+ dwc_otg_hcd
[ 0.959751] usb usb1: SerialNumber: 20980000.usb
[ 0.961085] hub 1-0:1.0: USB hub found
[ 0.961188] hub 1-0:1.0: 1 port detected
[ 0.962297] dwc_otg: FIQ enabled
[ 0.962309] dwc_otg: NAK holdoff enabled
[ 0.962315] dwc_otg: FIQ split-transaction FSM enabled
[ 0.962340] Module dwc_common_port init
[ 0.963047] usbcore: registered new interface driver usb-storage
[ 0.963579] mousedev: PS/2 mouse device common for all mice
[ 0.965410] bcm2835-wdt 20100000.watchdog: Broadcom BCM2835 watchdog timer
[ 0.965960] bcm2835-cpufreq: min=700000 max=1000000
[ 0.966685] sdhci: Secure Digital Host Controller Interface driver
[ 0.966697] sdhci: Copyright(c) Pierre Ossman
[ 0.967224] sdhost-bcm2835 20202000.sdhost: could not get clk, deferring probe
[ 0.969708] mmc-bcm2835 20300000.mmc: could not get clk, deferring probe
[ 0.969901] sdhci-pltfm: SDHCI platform and OF driver helper
[ 0.970731] ledtrig-cpu: registered to indicate activity on CPUs
[ 0.970983] hidraw: raw HID events driver (C) Jiri Kosina
[ 0.971294] usbcore: registered new interface driver usbhid
[ 0.971303] usbhid: USB HID core driver
[ 0.972831] vchiq: vchiq_init_state: slot_zero = 0xd7580000, is_master = 0
[ 0.975001] [vc_sm_connected_init]: start
[ 0.985986] [vc_sm_connected_init]: end - returning 0
[ 0.986539] Initializing XFRM netlink socket
[ 0.986586] NET: Registered protocol family 17
[ 0.986771] Key type dns_resolver registered
[ 0.988845] registered taskstats version 1
[ 0.997195] uart-pl011 20201000.serial: cts_event_workaround enabled
[ 0.997351] 20201000.serial: ttyAMA0 at MMIO 0x20201000 (irq = 81, base_baud = 0) is a PL011 rev2
[ 0.997466] console [ttyAMA0] enabled
[ 1.000230] sdhost: log_buf @ d7513000 (57513000)
[ 1.072680] mmc0: sdhost-bcm2835 loaded - DMA enabled (>1)
[ 1.075299] mmc-bcm2835 20300000.mmc: mmc_debug:0 mmc_debug2:0
[ 1.075318] mmc-bcm2835 20300000.mmc: DMA channel allocated
[ 1.106135] random: fast init done
[ 1.150109] mmc0: host does not support reading read-only switch, assuming write-enable
[ 1.152223] mmc0: new high speed SDHC card at address b368
[ 1.152833] of_cfs_init
[ 1.152997] of_cfs_init: OK
[ 1.153960] Waiting for root device PARTUUID=b5f06117-02...
[ 1.156424] mmcblk0: mmc0:b368 USD 14.9 GiB
[ 1.164577] mmcblk0: p1 p2
[ 1.172956] Indeed it is in host mode hprt0 = 00021501
[ 1.238700] mmc1: queuing unknown CIS tuple 0x01 (3 bytes)
[ 1.247191] mmc1: queuing unknown CIS tuple 0x1a (5 bytes)
[ 1.250892] mmc1: queuing unknown CIS tuple 0x1b (8 bytes)
[ 1.255478] mmc1: queuing unknown CIS tuple 0x80 (1 bytes)
[ 1.255661] mmc1: queuing unknown CIS tuple 0x81 (1 bytes)
[ 1.255827] mmc1: queuing unknown CIS tuple 0x82 (1 bytes)
[ 1.255930] mmc1: new high speed SDIO card at address 0001
[ 1.289351] EXT4-fs (mmcblk0p2): mounted filesystem with ordered data mode. Opts: (null)
[ 1.289477] VFS: Mounted root (ext4 filesystem) readonly on device 179:2.
[ 1.290894] devtmpfs: mounted
[ 1.292444] Freeing unused kernel memory: 396K
[ 1.292452] This architecture does not have kernel memory protection.
[ 1.372793] usb 1-1: new high-speed USB device number 2 using dwc_otg
[ 1.373367] Indeed it is in host mode hprt0 = 00001101
[ 1.603915] usb 1-1: New USB device found, idVendor=0bda, idProduct=8179
[ 1.603942] usb 1-1: New USB device strings: Mfr=1, Product=2, SerialNumber=3
[ 1.603951] usb 1-1: Product: 802.11n NIC
[ 1.603963] usb 1-1: Manufacturer: Realtek
[ 1.603974] usb 1-1: SerialNumber: 0092D0011D92
[ 1.929074] systemd[1]: System time before build time, advancing clock.
[ 2.086412] NET: Registered protocol family 10
[ 2.123217] ip_tables: (C) 2000-2006 Netfilter Core Team
[ 2.168065] systemd[1]: systemd 232 running in system mode. (+PAM +AUDIT +SELINUX +IMA +APPARMOR +SMACK +SYSVINIT +UTMP +LIBCRYPTSETUP +GCRYPT +GNUTLS +ACL +XZ +LZ4 +SECCOMP +BLKID +ELFUTILS +KMOD +IDN)
[ 2.169588] systemd[1]: Detected architecture arm.
[ 2.171543] systemd[1]: Set hostname to .
[ 2.666437] uart-pl011 20201000.serial: no DMA platform data
[ 3.461257] systemd[1]: Listening on fsck to fsckd communication Socket.
[ 3.463167] systemd[1]: Listening on /dev/initctl Compatibility Named Pipe.
[ 3.463571] systemd[1]: Reached target Swap.
[ 3.464405] systemd[1]: Listening on Syslog Socket.
[ 3.465257] systemd[1]: Started Forward Password Requests to Wall Directory Watch.
[ 3.467593] systemd[1]: Set up automount Arbitrary Executable File Formats File System Automount Point.
[ 3.468593] systemd[1]: Listening on udev Control Socket.
[ 3.737820] i2c /dev entries driver
[ 3.816873] random: crng init done
[ 65.140955] EXT4-fs (mmcblk0p2): re-mounted. Opts: (null)
[ 65.637579] systemd-journald[99]: Received request to flush runtime journal from PID 1
[ 68.218869] gpiomem-bcm2835 20200000.gpiomem: Initialised: Registers at 0x20200000
[ 70.596339] esp8089: loading out-of-tree module taints kernel.
[ 70.602124]
***** EAGLE DRIVER VER:bdf5087c3deb*****

[ 70.602257] ESP8089 reset via GPIO 0
[ 70.811135] r8188eu: module is from the staging directory, the quality is unknown, you have been warned.
[ 70.963279] mmc1: card 0001 removed
[ 71.140567] mmc1: queuing unknown CIS tuple 0x01 (3 bytes)
[ 71.153936] mmc1: queuing unknown CIS tuple 0x1a (5 bytes)
[ 71.160059] mmc1: queuing unknown CIS tuple 0x1b (8 bytes)
[ 71.168685] mmc1: queuing unknown CIS tuple 0x80 (1 bytes)
[ 71.202809] mmc1: queuing unknown CIS tuple 0x81 (1 bytes)
[ 71.203009] mmc1: queuing unknown CIS tuple 0x82 (1 bytes)
[ 71.208097] mmc1: new high speed SDIO card at address 0001
[ 71.212889] esp_sdio_dummy_probe enter
[ 71.502169] esp_sdio_init power up OK
[ 71.591492] Chip Version Info: CHIP_8188E_Normal_Chip_TSMC_A_CUT_1T1R_RomVer(0)
[ 71.808219] usbcore: registered new interface driver r8188eu
[ 75.428144] esp_host:bdf5087c3deb
esp_target: e826c2b3c9fd 57 18202

[ 75.428401] esp_readwrite_file: file /system/lib/modules/test_results filp_open error
[ 75.428657] first normal exit
[ 75.442857] esp_sdio_remove enter
[ 75.442984] sif_disable_irq release irq failed
[ 75.563018] eagle_sdio: probe of mmc1:0001:1 failed with error -110
[ 76.403252] mmc1: card 0001 removed
[ 76.498055] mmc1: queuing unknown CIS tuple 0x01 (3 bytes)
[ 76.507239] mmc1: queuing unknown CIS tuple 0x1a (5 bytes)
[ 76.510694] mmc1: queuing unknown CIS tuple 0x1b (8 bytes)
[ 76.517473] mmc1: queuing unknown CIS tuple 0x80 (1 bytes)
[ 76.517622] mmc1: queuing unknown CIS tuple 0x81 (1 bytes)
[ 76.517791] mmc1: queuing unknown CIS tuple 0x82 (1 bytes)
[ 76.517879] mmc1: new high speed SDIO card at address 0001
[ 77.807905] esp_host:bdf5087c3deb
esp_target: e826c2b3c9fd 57 18202

[ 82.636256] Adding 102396k swap on /var/swap. Priority:-1 extents:1 across:102396k SSFS
[ 83.363530] MAC Address = 00:92:d0:01:1d:92
[ 83.372243] IPv6: ADDRCONF(NETDEV_UP): wlan0: link is not ready
[ 85.165120] R8188EU: ERROR assoc success
[ 85.175781] IPv6: ADDRCONF(NETDEV_CHANGE): wlan0: link becomes ready
[ 85.896342] esp_op_add_interface STA
[ 85.897149] IPv6: ADDRCONF(NETDEV_UP): wlan1: link is not ready
[ 87.136705] wlan1: authenticate with c0:25:06:fc:c2:5e
[ 87.137874] wlan1: send auth to c0:25:06:fc:c2:5e (try 1/3)
[ 87.146205] wlan1: authenticated
[ 87.154408] wlan1: associate with c0:25:06:fc:c2:5e (try 1/3)
[ 87.161500] wlan1: RX AssocResp from c0:25:06:fc:c2:5e (capab=0x431 status=0 aid=4)
[ 87.161626] wlan1: associated
[ 87.162012] IPv6: ADDRCONF(NETDEV_CHANGE): wlan1: link becomes ready
[ 87.568329] esp_op_ampdu_action RX START c0:25:06:fc:c2:5e tid 0 0
[ 88.968863] start tx ba session,addr:c0:25:06:fc:c2:5e,tid:0
[ 88.970883] esp_op_ampdu_action TX START, addr:c0:25:06:fc:c2:5e,tid:0,state:1
[ 88.975296] esp_op_ampdu_action TX OPERATION, addr:c0:25:06:fc:c2:5e,tid:0,state:2
[ 93.946434] Bluetooth: Core ver 2.22
[ 93.946637] NET: Registered protocol family 31
[ 93.946645] Bluetooth: HCI device and connection manager initialized
[ 93.946671] Bluetooth: HCI socket layer initialized
[ 93.946687] Bluetooth: L2CAP socket layer initialized
[ 93.946779] Bluetooth: SCO socket layer initialized
[ 96.669415] fuse init (API version 7.26)
